
 /----------------------------------------------------------------------------\
 |  yosys -- Yosys Open SYnthesis Suite                                       |
 |  Copyright (C) 2012 - 2026  Claire Xenia Wolf <claire@yosyshq.com>         |
 |  Distributed under an ISC-like license, type "license" to see terms        |
 \----------------------------------------------------------------------------/
 Yosys 0.67+31 (git sha1 22c15a7ec, Release, GNU /usr/bin/x86_64-w64-mingw32-g++ 13.2.1)

-- Executing script file `design_prep.ys' --

1. Executing RTLIL frontend.
Input filename: design.il

2. Executing SCC pass (detecting logic loops).
Found 0 SCCs in module cache_fv.
Found 0 SCCs.

3. Executing SIMPLEMAP pass (map simple cells to gate primitives).

4. Executing MEMORY_NORDFF pass (extracting $dff cells from memories).

5. Executing ASYNC2SYNC pass.
Replacing cache_fv.$auto$ff.cc:337:slice$2058 ($adffe): ARST=\rst_n, D=\c_addr [31:6], Q=\uut.tag_q[3]
Replacing cache_fv.$auto$ff.cc:337:slice$2061 ($adffe): ARST=\rst_n, D=\c_addr [31:6], Q=\uut.tag_q[2]
Replacing cache_fv.$auto$ff.cc:337:slice$2064 ($adffe): ARST=\rst_n, D=\c_addr [31:6], Q=\uut.tag_q[1]
Replacing cache_fv.$auto$ff.cc:337:slice$2067 ($adffe): ARST=\rst_n, D=\c_addr [31:6], Q=\uut.tag_q[0]
Replacing cache_fv.$auto$ff.cc:337:slice$2070 ($adffe): ARST=\rst_n, D=$flatten\uut.$0\state_q[3][1:0], Q=\uut.state_q[3]
Replacing cache_fv.$auto$ff.cc:337:slice$2089 ($adffe): ARST=\rst_n, D=$flatten\uut.$0\state_q[2][1:0], Q=\uut.state_q[2]
Replacing cache_fv.$auto$ff.cc:337:slice$2108 ($adffe): ARST=\rst_n, D=$flatten\uut.$0\state_q[1][1:0], Q=\uut.state_q[1]
Replacing cache_fv.$auto$ff.cc:337:slice$2127 ($adffe): ARST=\rst_n, D=$flatten\uut.$0\state_q[0][1:0], Q=\uut.state_q[0]
Replacing cache_fv.$auto$ff.cc:337:slice$2164 ($adffe): ARST=\rst_n, D=$flatten\uut.$0\beat[1:0], Q=\uut.beat
Replacing cache_fv.$auto$ff.cc:337:slice$2179 ($adffe): ARST=\rst_n, D=$flatten\uut.$0\state[3:0], Q=\uut.state

6. Executing OPT_CLEAN pass (remove unused cells and wires).
Finding unused cells or wires in module \cache_fv..
Removed 48 unused cells and 48 unused wires.
<suppressed ~49 debug messages>

7. Executing FORMALFF pass.
Setting unused undefined initial value of cache_fv.$auto$ff.cc:337:slice$2179 ($sdffe) from 4'x to 4'0000
Setting unused undefined initial value of cache_fv.$auto$ff.cc:337:slice$2164 ($sdffe) from 2'x to 2'00
Setting unused undefined initial value of cache_fv.$auto$ff.cc:337:slice$2127 ($sdffe) from 2'x to 2'00
Setting unused undefined initial value of cache_fv.$auto$ff.cc:337:slice$2108 ($sdffe) from 2'x to 2'00
Setting unused undefined initial value of cache_fv.$auto$ff.cc:337:slice$2089 ($sdffe) from 2'x to 2'00
Setting unused undefined initial value of cache_fv.$auto$ff.cc:337:slice$2070 ($sdffe) from 2'x to 2'00
Setting unused undefined initial value of cache_fv.$auto$ff.cc:337:slice$2067 ($sdffe) from 26'x to 26'00000000000000000000000000
Setting unused undefined initial value of cache_fv.$auto$ff.cc:337:slice$2064 ($sdffe) from 26'x to 26'00000000000000000000000000
Setting unused undefined initial value of cache_fv.$auto$ff.cc:337:slice$2061 ($sdffe) from 26'x to 26'00000000000000000000000000
Setting unused undefined initial value of cache_fv.$auto$ff.cc:337:slice$2058 ($sdffe) from 26'x to 26'00000000000000000000000000

8. Executing OPT_CLEAN pass (remove unused cells and wires).
Finding unused cells or wires in module \cache_fv..
Removed 8 unused cells and 8 unused wires.
<suppressed ~10 debug messages>

9. Executing CHECK pass (checking for obvious problems).
Checking module cache_fv...
Found and reported 0 problems.

10. Executing SETUNDEF pass (replace undef values with defined constants).

11. Executing OPT pass (performing simple optimizations).

11.1. Executing OPT_EXPR pass (perform const folding).
Optimizing module cache_fv.

11.2. Executing OPT_MERGE pass (detect identical cells).
Finding identical cells in module `\cache_fv'.
Computing hashes of 595 cells of `\cache_fv'.
Finding duplicate cells in `\cache_fv'.
Removed a total of 0 cells.

11.3. Executing OPT_DFF pass (perform DFF optimizations).

11.4. Executing OPT_CLEAN pass (remove unused cells and wires).
Finding unused cells or wires in module \cache_fv..
Removed 58 unused cells and 60 unused wires.
<suppressed ~61 debug messages>

11.5. Finished fast OPT passes.

12. Executing OPT_CLEAN pass (remove unused cells and wires).
Finding unused cells or wires in module \cache_fv..
Removed 0 unused cells and 69 unused wires.
<suppressed ~1 debug messages>

13. Executing RTLIL backend.
Output filename: ../model/design_prep.il

End of script. Logfile hash: b59c6996a0
Yosys 0.67+31 (git sha1 22c15a7ec, Release, GNU /usr/bin/x86_64-w64-mingw32-g++ 13.2.1)
Time spent: 5% 4x opt_clean (0 sec), 5% 4x id_gc (0 sec), ...
