
 /----------------------------------------------------------------------------\
 |  yosys -- Yosys Open SYnthesis Suite                                       |
 |  Copyright (C) 2012 - 2026  Claire Xenia Wolf <claire@yosyshq.com>         |
 |  Distributed under an ISC-like license, type "license" to see terms        |
 \----------------------------------------------------------------------------/
 Yosys 0.67+31 (git sha1 22c15a7ec, Release, GNU /usr/bin/x86_64-w64-mingw32-g++ 13.2.1)

-- Executing script file `../model/design.ys' --

1. Executing Verilog-2005 frontend: cache_fv.sv
Parsing SystemVerilog input from `cache_fv.sv' to AST representation.
Storing AST representation for module `$abstract\cache_fv'.
Successfully finished Verilog frontend.

2. Executing Verilog-2005 frontend: cache.v
Parsing SystemVerilog input from `cache.v' to AST representation.
Storing AST representation for module `$abstract\cache'.
Successfully finished Verilog frontend.

3. Executing Verilog-2005 frontend: sram_1p_bm.v
Parsing SystemVerilog input from `sram_1p_bm.v' to AST representation.
Storing AST representation for module `$abstract\sram_1p_bm'.
Storing AST representation for module `$abstract\RM_IHPSG13_1P_512x64_c2_bm_bist'.
Successfully finished Verilog frontend.

4. Executing PREP pass.

4.1. Executing HIERARCHY pass (managing design hierarchy).

4.2. Executing AST frontend in derive mode using pre-parsed AST for module `\cache_fv'.
Generating RTLIL representation for module `\cache_fv'.

4.2.1. Analyzing design hierarchy..
Top module:  \cache_fv
Parameter \WRITABLE = 1
Parameter \CACHEABLE_LIMIT = 65536
Parameter \LINE_BYTES = 16
Parameter \LINES = 4
Parameter \USE_MACRO = 0

4.2.2. Executing AST frontend in derive mode using pre-parsed AST for module `\cache'.
Parameter \WRITABLE = 1
Parameter \CACHEABLE_LIMIT = 65536
Parameter \LINE_BYTES = 16
Parameter \LINES = 4
Parameter \USE_MACRO = 0
Generating RTLIL representation for module `$paramod$b59b5b5c9b8a00c772761a8a81694ad4102ae54e\cache'.
Warning: Replacing memory \tag_q with list of registers. See cache.v:415
Warning: Replacing memory \state_q with list of registers. See cache.v:414

4.2.3. Analyzing design hierarchy..
Top module:  \cache_fv
Used module:     $paramod$b59b5b5c9b8a00c772761a8a81694ad4102ae54e\cache
Parameter \P_DATA_WIDTH = 64
Parameter \P_ADDR_WIDTH = 3

4.2.4. Executing AST frontend in derive mode using pre-parsed AST for module `\sram_1p_bm'.
Parameter \P_DATA_WIDTH = 64
Parameter \P_ADDR_WIDTH = 3
Generating RTLIL representation for module `$paramod$7b037c4fbbba2471a5e2066cde6c52bf87c72998\sram_1p_bm'.

4.2.5. Analyzing design hierarchy..
Top module:  \cache_fv
Used module:     $paramod$b59b5b5c9b8a00c772761a8a81694ad4102ae54e\cache
Used module:         $paramod$7b037c4fbbba2471a5e2066cde6c52bf87c72998\sram_1p_bm

4.2.6. Analyzing design hierarchy..
Top module:  \cache_fv
Used module:     $paramod$b59b5b5c9b8a00c772761a8a81694ad4102ae54e\cache
Used module:         $paramod$7b037c4fbbba2471a5e2066cde6c52bf87c72998\sram_1p_bm
Removing unused module `$abstract\RM_IHPSG13_1P_512x64_c2_bm_bist'.
Removing unused module `$abstract\sram_1p_bm'.
Removing unused module `$abstract\cache'.
Removing unused module `$abstract\cache_fv'.
Removed 4 unused modules.
Module cache_fv directly or indirectly contains formal properties -> setting "keep" attribute.

4.3. Executing PROC pass (convert processes to netlists).

4.3.1. Executing PROC_CLEAN pass (remove empty switches from decision trees).
Found and cleaned up 1 empty switch in `$paramod$b59b5b5c9b8a00c772761a8a81694ad4102ae54e\cache.$proc$cache.v:408$209'.
Cleaned up 1 empty switch.

4.3.2. Executing PROC_RMDEAD pass (remove dead branches from decision trees).
Removed 1 dead cases from process $proc$cache.v:514$295 in module $paramod$b59b5b5c9b8a00c772761a8a81694ad4102ae54e\cache.
Marked 1 switch rules as full_case in process $proc$cache.v:514$295 in module $paramod$b59b5b5c9b8a00c772761a8a81694ad4102ae54e\cache.
Removed 1 dead cases from process $proc$cache.v:513$292 in module $paramod$b59b5b5c9b8a00c772761a8a81694ad4102ae54e\cache.
Marked 1 switch rules as full_case in process $proc$cache.v:513$292 in module $paramod$b59b5b5c9b8a00c772761a8a81694ad4102ae54e\cache.
Removed 1 dead cases from process $proc$cache.v:178$289 in module $paramod$b59b5b5c9b8a00c772761a8a81694ad4102ae54e\cache.
Marked 1 switch rules as full_case in process $proc$cache.v:178$289 in module $paramod$b59b5b5c9b8a00c772761a8a81694ad4102ae54e\cache.
Removed 1 dead cases from process $proc$cache.v:176$286 in module $paramod$b59b5b5c9b8a00c772761a8a81694ad4102ae54e\cache.
Marked 1 switch rules as full_case in process $proc$cache.v:176$286 in module $paramod$b59b5b5c9b8a00c772761a8a81694ad4102ae54e\cache.
Removed 1 dead cases from process $proc$cache.v:408$209 in module $paramod$b59b5b5c9b8a00c772761a8a81694ad4102ae54e\cache.
Marked 15 switch rules as full_case in process $proc$cache.v:408$209 in module $paramod$b59b5b5c9b8a00c772761a8a81694ad4102ae54e\cache.
Marked 1 switch rules as full_case in process $proc$cache.v:368$207 in module $paramod$b59b5b5c9b8a00c772761a8a81694ad4102ae54e\cache.
Marked 2 switch rules as full_case in process $proc$cache.v:335$202 in module $paramod$b59b5b5c9b8a00c772761a8a81694ad4102ae54e\cache.
Marked 5 switch rules as full_case in process $proc$cache.v:290$178 in module $paramod$b59b5b5c9b8a00c772761a8a81694ad4102ae54e\cache.
Marked 1 switch rules as full_case in process $proc$cache_fv.sv:360$138 in module cache_fv.
Marked 1 switch rules as full_case in process $proc$cache_fv.sv:315$125 in module cache_fv.
Marked 2 switch rules as full_case in process $proc$cache_fv.sv:294$101 in module cache_fv.
Marked 1 switch rules as full_case in process $proc$cache_fv.sv:236$39 in module cache_fv.
Marked 2 switch rules as full_case in process $proc$sram_1p_bm.v:72$299 in module $paramod$7b037c4fbbba2471a5e2066cde6c52bf87c72998\sram_1p_bm.
Removed a total of 5 dead cases.

4.3.3. Executing PROC_PRUNE pass (remove redundant assignments in processes).
Removed 16 redundant assignments.
Promoted 50 assignments to connections.

4.3.4. Executing PROC_INIT pass (extract init attributes).
Found init rule in `\cache_fv.$proc$cache_fv.sv:64$148'.
  Set init value: \rst_cnt = 2'00

4.3.5. Executing PROC_ARST pass (detect async resets in processes).
Found async reset \rst_n in `$paramod$b59b5b5c9b8a00c772761a8a81694ad4102ae54e\cache.$proc$cache.v:408$209'.

4.3.6. Executing PROC_ROM pass (convert switches to ROMs).
Converted 0 switches.
<suppressed ~60 debug messages>

4.3.7. Executing PROC_MUX pass (convert decision trees to multiplexers).
Creating decoders for process `$paramod$b59b5b5c9b8a00c772761a8a81694ad4102ae54e\cache.$proc$cache.v:514$295'.
     1/1: $1$mem2reg_rd$\state_q$cache.v:514$163_DATA[1:0]$297
Creating decoders for process `$paramod$b59b5b5c9b8a00c772761a8a81694ad4102ae54e\cache.$proc$cache.v:513$292'.
     1/1: $1$mem2reg_rd$\tag_q$cache.v:513$162_DATA[25:0]$294
Creating decoders for process `$paramod$b59b5b5c9b8a00c772761a8a81694ad4102ae54e\cache.$proc$cache.v:178$289'.
     1/1: $1$mem2reg_rd$\tag_q$cache.v:178$156_DATA[25:0]$291
Creating decoders for process `$paramod$b59b5b5c9b8a00c772761a8a81694ad4102ae54e\cache.$proc$cache.v:176$286'.
     1/1: $1$mem2reg_rd$\state_q$cache.v:176$155_DATA[1:0]$288
Creating decoders for process `$paramod$b59b5b5c9b8a00c772761a8a81694ad4102ae54e\cache.$proc$cache.v:408$209'.
     1/69: $5$mem2reg_wr$\state_q$cache.v:491$161_ADDR[1:0]$283
     2/69: $5$mem2reg_wr$\state_q$cache.v:491$161_DATA[1:0]$284
     3/69: $5$mem2reg_wr$\tag_q$cache.v:486$160_ADDR[1:0]$281
     4/69: $5$mem2reg_wr$\tag_q$cache.v:486$160_DATA[25:0]$282
     5/69: $4$mem2reg_wr$\state_q$cache.v:491$161_DATA[1:0]$278
     6/69: $4$mem2reg_wr$\state_q$cache.v:491$161_ADDR[1:0]$277
     7/69: $4$mem2reg_wr$\tag_q$cache.v:486$160_DATA[25:0]$276
     8/69: $4$mem2reg_wr$\tag_q$cache.v:486$160_ADDR[1:0]$275
     9/69: $3$mem2reg_wr$\state_q$cache.v:491$161_DATA[1:0]$274
    10/69: $3$mem2reg_wr$\state_q$cache.v:491$161_ADDR[1:0]$273
    11/69: $3$mem2reg_wr$\tag_q$cache.v:486$160_DATA[25:0]$272
    12/69: $3$mem2reg_wr$\tag_q$cache.v:486$160_ADDR[1:0]$271
    13/69: $6$mem2reg_wr$\state_q$cache.v:434$159_ADDR[1:0]$267
    14/69: $6$mem2reg_wr$\state_q$cache.v:434$159_DATA[1:0]$268
    15/69: $6$mem2reg_rd$\tag_q$cache.v:429$157_DATA[25:0]$263
    16/69: $5$mem2reg_wr$\state_q$cache.v:431$158_ADDR[1:0]$259
    17/69: $5$mem2reg_wr$\state_q$cache.v:431$158_DATA[1:0]$260
    18/69: $5$mem2reg_rd$\tag_q$cache.v:429$157_DATA[25:0]$258
    19/69: $5$mem2reg_rd$\tag_q$cache.v:429$157_ADDR[1:0]$257
    20/69: $5$mem2reg_wr$\state_q$cache.v:434$159_DATA[1:0]$262
    21/69: $5$mem2reg_wr$\state_q$cache.v:434$159_ADDR[1:0]$261
    22/69: $4$mem2reg_wr$\state_q$cache.v:434$159_DATA[1:0]$254
    23/69: $4$mem2reg_wr$\state_q$cache.v:434$159_ADDR[1:0]$253
    24/69: $4$mem2reg_wr$\state_q$cache.v:431$158_DATA[1:0]$252
    25/69: $4$mem2reg_wr$\state_q$cache.v:431$158_ADDR[1:0]$251
    26/69: $4$mem2reg_rd$\tag_q$cache.v:429$157_DATA[25:0]$250
    27/69: $4$mem2reg_rd$\tag_q$cache.v:429$157_ADDR[1:0]$249
    28/69: $3$mem2reg_wr$\state_q$cache.v:434$159_DATA[1:0]$246
    29/69: $3$mem2reg_wr$\state_q$cache.v:434$159_ADDR[1:0]$245
    30/69: $3$mem2reg_wr$\state_q$cache.v:431$158_DATA[1:0]$244
    31/69: $3$mem2reg_wr$\state_q$cache.v:431$158_ADDR[1:0]$243
    32/69: $3$mem2reg_rd$\tag_q$cache.v:429$157_DATA[25:0]$242
    33/69: $3$mem2reg_rd$\tag_q$cache.v:429$157_ADDR[1:0]$241
    34/69: $2$mem2reg_wr$\state_q$cache.v:434$159_DATA[1:0]$236
    35/69: $2$mem2reg_wr$\state_q$cache.v:434$159_ADDR[1:0]$235
    36/69: $2$mem2reg_wr$\state_q$cache.v:431$158_DATA[1:0]$234
    37/69: $2$mem2reg_wr$\state_q$cache.v:431$158_ADDR[1:0]$233
    38/69: $2$mem2reg_rd$\tag_q$cache.v:429$157_DATA[25:0]$232
    39/69: $2$mem2reg_rd$\tag_q$cache.v:429$157_ADDR[1:0]$231
    40/69: $2$mem2reg_wr$\state_q$cache.v:491$161_DATA[1:0]$240
    41/69: $2$mem2reg_wr$\state_q$cache.v:491$161_ADDR[1:0]$239
    42/69: $2$mem2reg_wr$\tag_q$cache.v:486$160_DATA[25:0]$238
    43/69: $2$mem2reg_wr$\tag_q$cache.v:486$160_ADDR[1:0]$237
    44/69: $1$mem2reg_wr$\state_q$cache.v:491$161_DATA[1:0]$230
    45/69: $1$mem2reg_wr$\state_q$cache.v:491$161_ADDR[1:0]$229
    46/69: $1$mem2reg_wr$\tag_q$cache.v:486$160_DATA[25:0]$228
    47/69: $1$mem2reg_wr$\tag_q$cache.v:486$160_ADDR[1:0]$227
    48/69: $1$mem2reg_wr$\state_q$cache.v:434$159_DATA[1:0]$226
    49/69: $1$mem2reg_wr$\state_q$cache.v:434$159_ADDR[1:0]$225
    50/69: $1$mem2reg_wr$\state_q$cache.v:431$158_DATA[1:0]$224
    51/69: $1$mem2reg_wr$\state_q$cache.v:431$158_ADDR[1:0]$223
    52/69: $1$mem2reg_rd$\tag_q$cache.v:429$157_DATA[25:0]$222
    53/69: $1$mem2reg_rd$\tag_q$cache.v:429$157_ADDR[1:0]$221
    54/69: $1\i[31:0]
    55/69: $0\tag_q[3][25:0]
    56/69: $0\tag_q[2][25:0]
    57/69: $0\tag_q[1][25:0]
    58/69: $0\tag_q[0][25:0]
    59/69: $0\state_q[3][1:0]
    60/69: $0\state_q[2][1:0]
    61/69: $0\state_q[1][1:0]
    62/69: $0\state_q[0][1:0]
    63/69: $0\wb_tag[25:0]
    64/69: $0\line_base[31:0]
    65/69: $0\fill_lo[31:0]
    66/69: $0\wb_data[63:0]
    67/69: $0\beat[1:0]
    68/69: $0\state[3:0]
    69/69: $0\fb_valid[0:0]
Creating decoders for process `$paramod$b59b5b5c9b8a00c772761a8a81694ad4102ae54e\cache.$proc$cache.v:368$207'.
     1/4: $1\m_wstrb[3:0]
     2/4: $1\m_wdata[31:0]
     3/4: $1\m_addr[31:0]
     4/4: $1\m_valid[0:0]
Creating decoders for process `$paramod$b59b5b5c9b8a00c772761a8a81694ad4102ae54e\cache.$proc$cache.v:335$202'.
     1/5: $2\c_rdata[31:0]
     2/5: $2\c_ready[0:0]
     3/5: $1\c_rdata[31:0]
     4/5: $1\c_ready[0:0]
     5/5: $1\c_fault[0:0]
Creating decoders for process `$paramod$b59b5b5c9b8a00c772761a8a81694ad4102ae54e\cache.$proc$cache.v:290$178'.
     1/33: $4\sram_bm[63:0]
     2/33: $2\sram_din[63:0]
     3/33: $2\sram_addr[2:0]
     4/33: $4\sram_wen[0:0]
     5/33: $5\sram_men[0:0]
     6/33: $4\sram_ren[0:0]
     7/33: $4\sram_men[0:0]
     8/33: $3\sram_bm[63:0]
     9/33: $3\expand4$func$cache.v:307$154.$result[31:0]$195
    10/33: $3\expand4$func$cache.v:307$154.s[3:0]$196
    11/33: $3\expand4$func$cache.v:306$153.$result[31:0]$193
    12/33: $3\expand4$func$cache.v:306$153.s[3:0]$194
    13/33: $3\sram_wen[0:0]
    14/33: $3\sram_men[0:0]
    15/33: $3\sram_ren[0:0]
    16/33: $2\expand4$func$cache.v:307$154.s[3:0]$190
    17/33: $2\expand4$func$cache.v:307$154.$result[31:0]$189
    18/33: $2\expand4$func$cache.v:306$153.s[3:0]$188
    19/33: $2\expand4$func$cache.v:306$153.$result[31:0]$187
    20/33: $2\sram_ren[0:0]
    21/33: $2\sram_wen[0:0]
    22/33: $2\sram_men[0:0]
    23/33: $2\sram_bm[63:0]
    24/33: $1\expand4$func$cache.v:307$154.s[3:0]$186
    25/33: $1\expand4$func$cache.v:307$154.$result[31:0]$185
    26/33: $1\expand4$func$cache.v:306$153.s[3:0]$184
    27/33: $1\expand4$func$cache.v:306$153.$result[31:0]$183
    28/33: $1\sram_ren[0:0]
    29/33: $1\sram_wen[0:0]
    30/33: $1\sram_men[0:0]
    31/33: $1\sram_bm[63:0]
    32/33: $1\sram_din[63:0]
    33/33: $1\sram_addr[2:0]
Creating decoders for process `\cache_fv.$proc$cache_fv.sv:64$148'.
Creating decoders for process `\cache_fv.$proc$cache_fv.sv:377$146'.
     1/1: $cover$cache_fv.sv:379$147_EN
Creating decoders for process `\cache_fv.$proc$cache_fv.sv:366$140'.
     1/1: $cover$cache_fv.sv:368$143_EN
Creating decoders for process `\cache_fv.$proc$cache_fv.sv:360$138'.
     1/1: $0\wb_seen[0:0]
Creating decoders for process `\cache_fv.$proc$cache_fv.sv:345$131'.
     1/1: $assert$cache_fv.sv:347$136_EN
Creating decoders for process `\cache_fv.$proc$cache_fv.sv:338$127'.
     1/1: $assert$cache_fv.sv:340$129_EN
Creating decoders for process `\cache_fv.$proc$cache_fv.sv:315$125'.
     1/8: $0\mem_shadow[31:0] [31:24]
     2/8: $0\mem_shadow[31:0] [23:16]
     3/8: $0\mem_shadow[31:0] [15:8]
     4/8: $0\mem_shadow[31:0] [7:0]
     5/8: $0\core_shadow[31:0] [23:16]
     6/8: $0\core_shadow[31:0] [15:8]
     7/8: $0\core_shadow[31:0] [7:0]
     8/8: $0\core_shadow[31:0] [31:24]
Creating decoders for process `\cache_fv.$proc$cache_fv.sv:302$106'.
Creating decoders for process `\cache_fv.$proc$cache_fv.sv:294$101'.
     1/1: $0\stall_cnt[1:0]
Creating decoders for process `\cache_fv.$proc$cache_fv.sv:275$52'.
Creating decoders for process `\cache_fv.$proc$cache_fv.sv:246$43'.
     1/4: $assume$cache_fv.sv:251$50_EN
     2/4: $assume$cache_fv.sv:250$48_EN
     3/4: $assume$cache_fv.sv:249$46_EN
     4/4: $assume$cache_fv.sv:248$45_EN
Creating decoders for process `\cache_fv.$proc$cache_fv.sv:236$39'.
     1/4: $0\p_pending[0:0]
     2/4: $0\p_wstrb[3:0]
     3/4: $0\p_wdata[31:0]
     4/4: $0\p_addr[31:0]
Creating decoders for process `\cache_fv.$proc$cache_fv.sv:227$36'.
Creating decoders for process `\cache_fv.$proc$cache_fv.sv:210$25'.
     1/3: $assert$cache_fv.sv:217$34_EN
     2/3: $assert$cache_fv.sv:215$31_EN
     3/3: $assert$cache_fv.sv:213$27_EN
Creating decoders for process `\cache_fv.$proc$cache_fv.sv:66$6'.
     1/1: $0\rst_cnt[1:0]
Creating decoders for process `$paramod$7b037c4fbbba2471a5e2066cde6c52bf87c72998\sram_1p_bm.$proc$sram_1p_bm.v:72$299'.
     1/7: $2$memwr$\mem$sram_1p_bm.v:75$298_EN[63:0]$308
     2/7: $2$memwr$\mem$sram_1p_bm.v:75$298_DATA[63:0]$307
     3/7: $2$memwr$\mem$sram_1p_bm.v:75$298_ADDR[2:0]$306
     4/7: $1$memwr$\mem$sram_1p_bm.v:75$298_EN[63:0]$305
     5/7: $1$memwr$\mem$sram_1p_bm.v:75$298_DATA[63:0]$304
     6/7: $1$memwr$\mem$sram_1p_bm.v:75$298_ADDR[2:0]$303
     7/7: $0\A_DOUT[63:0]

4.3.8. Executing PROC_DLATCH pass (convert process syncs to latches).
No latch inferred for signal `$paramod$b59b5b5c9b8a00c772761a8a81694ad4102ae54e\cache.$mem2reg_rd$\state_q$cache.v:514$163_DATA' from process `$paramod$b59b5b5c9b8a00c772761a8a81694ad4102ae54e\cache.$proc$cache.v:514$295'.
No latch inferred for signal `$paramod$b59b5b5c9b8a00c772761a8a81694ad4102ae54e\cache.$mem2reg_rd$\tag_q$cache.v:513$162_DATA' from process `$paramod$b59b5b5c9b8a00c772761a8a81694ad4102ae54e\cache.$proc$cache.v:513$292'.
No latch inferred for signal `$paramod$b59b5b5c9b8a00c772761a8a81694ad4102ae54e\cache.$mem2reg_rd$\tag_q$cache.v:178$156_DATA' from process `$paramod$b59b5b5c9b8a00c772761a8a81694ad4102ae54e\cache.$proc$cache.v:178$289'.
No latch inferred for signal `$paramod$b59b5b5c9b8a00c772761a8a81694ad4102ae54e\cache.$mem2reg_rd$\state_q$cache.v:176$155_DATA' from process `$paramod$b59b5b5c9b8a00c772761a8a81694ad4102ae54e\cache.$proc$cache.v:176$286'.
No latch inferred for signal `$paramod$b59b5b5c9b8a00c772761a8a81694ad4102ae54e\cache.\m_valid' from process `$paramod$b59b5b5c9b8a00c772761a8a81694ad4102ae54e\cache.$proc$cache.v:368$207'.
No latch inferred for signal `$paramod$b59b5b5c9b8a00c772761a8a81694ad4102ae54e\cache.\m_addr' from process `$paramod$b59b5b5c9b8a00c772761a8a81694ad4102ae54e\cache.$proc$cache.v:368$207'.
No latch inferred for signal `$paramod$b59b5b5c9b8a00c772761a8a81694ad4102ae54e\cache.\m_wdata' from process `$paramod$b59b5b5c9b8a00c772761a8a81694ad4102ae54e\cache.$proc$cache.v:368$207'.
No latch inferred for signal `$paramod$b59b5b5c9b8a00c772761a8a81694ad4102ae54e\cache.\m_wstrb' from process `$paramod$b59b5b5c9b8a00c772761a8a81694ad4102ae54e\cache.$proc$cache.v:368$207'.
No latch inferred for signal `$paramod$b59b5b5c9b8a00c772761a8a81694ad4102ae54e\cache.\c_ready' from process `$paramod$b59b5b5c9b8a00c772761a8a81694ad4102ae54e\cache.$proc$cache.v:335$202'.
No latch inferred for signal `$paramod$b59b5b5c9b8a00c772761a8a81694ad4102ae54e\cache.\c_fault' from process `$paramod$b59b5b5c9b8a00c772761a8a81694ad4102ae54e\cache.$proc$cache.v:335$202'.
No latch inferred for signal `$paramod$b59b5b5c9b8a00c772761a8a81694ad4102ae54e\cache.\c_rdata' from process `$paramod$b59b5b5c9b8a00c772761a8a81694ad4102ae54e\cache.$proc$cache.v:335$202'.
No latch inferred for signal `$paramod$b59b5b5c9b8a00c772761a8a81694ad4102ae54e\cache.\sram_addr' from process `$paramod$b59b5b5c9b8a00c772761a8a81694ad4102ae54e\cache.$proc$cache.v:290$178'.
No latch inferred for signal `$paramod$b59b5b5c9b8a00c772761a8a81694ad4102ae54e\cache.\sram_din' from process `$paramod$b59b5b5c9b8a00c772761a8a81694ad4102ae54e\cache.$proc$cache.v:290$178'.
No latch inferred for signal `$paramod$b59b5b5c9b8a00c772761a8a81694ad4102ae54e\cache.\sram_bm' from process `$paramod$b59b5b5c9b8a00c772761a8a81694ad4102ae54e\cache.$proc$cache.v:290$178'.
No latch inferred for signal `$paramod$b59b5b5c9b8a00c772761a8a81694ad4102ae54e\cache.\sram_men' from process `$paramod$b59b5b5c9b8a00c772761a8a81694ad4102ae54e\cache.$proc$cache.v:290$178'.
No latch inferred for signal `$paramod$b59b5b5c9b8a00c772761a8a81694ad4102ae54e\cache.\sram_wen' from process `$paramod$b59b5b5c9b8a00c772761a8a81694ad4102ae54e\cache.$proc$cache.v:290$178'.
No latch inferred for signal `$paramod$b59b5b5c9b8a00c772761a8a81694ad4102ae54e\cache.\sram_ren' from process `$paramod$b59b5b5c9b8a00c772761a8a81694ad4102ae54e\cache.$proc$cache.v:290$178'.

4.3.9. Executing PROC_DFF pass (convert process syncs to FFs).
Creating register for signal `$paramod$b59b5b5c9b8a00c772761a8a81694ad4102ae54e\cache.\i' using process `$paramod$b59b5b5c9b8a00c772761a8a81694ad4102ae54e\cache.$proc$cache.v:408$209'.
  created $adff cell `$procdff$1699' with positive edge clock and positive level reset.
Creating register for signal `$paramod$b59b5b5c9b8a00c772761a8a81694ad4102ae54e\cache.\fb_valid' using process `$paramod$b59b5b5c9b8a00c772761a8a81694ad4102ae54e\cache.$proc$cache.v:408$209'.
  created $adff cell `$procdff$1704' with positive edge clock and positive level reset.
Creating register for signal `$paramod$b59b5b5c9b8a00c772761a8a81694ad4102ae54e\cache.\state' using process `$paramod$b59b5b5c9b8a00c772761a8a81694ad4102ae54e\cache.$proc$cache.v:408$209'.
  created $adff cell `$procdff$1709' with positive edge clock and positive level reset.
Creating register for signal `$paramod$b59b5b5c9b8a00c772761a8a81694ad4102ae54e\cache.\beat' using process `$paramod$b59b5b5c9b8a00c772761a8a81694ad4102ae54e\cache.$proc$cache.v:408$209'.
  created $adff cell `$procdff$1714' with positive edge clock and positive level reset.
Creating register for signal `$paramod$b59b5b5c9b8a00c772761a8a81694ad4102ae54e\cache.\wb_data' using process `$paramod$b59b5b5c9b8a00c772761a8a81694ad4102ae54e\cache.$proc$cache.v:408$209'.
  created $dff cell `$procdff$1721' with positive edge clock.
Creating register for signal `$paramod$b59b5b5c9b8a00c772761a8a81694ad4102ae54e\cache.\fill_lo' using process `$paramod$b59b5b5c9b8a00c772761a8a81694ad4102ae54e\cache.$proc$cache.v:408$209'.
  created $dff cell `$procdff$1728' with positive edge clock.
Creating register for signal `$paramod$b59b5b5c9b8a00c772761a8a81694ad4102ae54e\cache.\line_base' using process `$paramod$b59b5b5c9b8a00c772761a8a81694ad4102ae54e\cache.$proc$cache.v:408$209'.
  created $dff cell `$procdff$1735' with positive edge clock.
Creating register for signal `$paramod$b59b5b5c9b8a00c772761a8a81694ad4102ae54e\cache.\wb_tag' using process `$paramod$b59b5b5c9b8a00c772761a8a81694ad4102ae54e\cache.$proc$cache.v:408$209'.
  created $dff cell `$procdff$1742' with positive edge clock.
Creating register for signal `$paramod$b59b5b5c9b8a00c772761a8a81694ad4102ae54e\cache.\state_q[0]' using process `$paramod$b59b5b5c9b8a00c772761a8a81694ad4102ae54e\cache.$proc$cache.v:408$209'.
  created $adff cell `$procdff$1747' with positive edge clock and positive level reset.
Creating register for signal `$paramod$b59b5b5c9b8a00c772761a8a81694ad4102ae54e\cache.\state_q[1]' using process `$paramod$b59b5b5c9b8a00c772761a8a81694ad4102ae54e\cache.$proc$cache.v:408$209'.
  created $adff cell `$procdff$1752' with positive edge clock and positive level reset.
Creating register for signal `$paramod$b59b5b5c9b8a00c772761a8a81694ad4102ae54e\cache.\state_q[2]' using process `$paramod$b59b5b5c9b8a00c772761a8a81694ad4102ae54e\cache.$proc$cache.v:408$209'.
  created $adff cell `$procdff$1757' with positive edge clock and positive level reset.
Creating register for signal `$paramod$b59b5b5c9b8a00c772761a8a81694ad4102ae54e\cache.\state_q[3]' using process `$paramod$b59b5b5c9b8a00c772761a8a81694ad4102ae54e\cache.$proc$cache.v:408$209'.
  created $adff cell `$procdff$1762' with positive edge clock and positive level reset.
Creating register for signal `$paramod$b59b5b5c9b8a00c772761a8a81694ad4102ae54e\cache.\tag_q[0]' using process `$paramod$b59b5b5c9b8a00c772761a8a81694ad4102ae54e\cache.$proc$cache.v:408$209'.
  created $adff cell `$procdff$1767' with positive edge clock and positive level reset.
Creating register for signal `$paramod$b59b5b5c9b8a00c772761a8a81694ad4102ae54e\cache.\tag_q[1]' using process `$paramod$b59b5b5c9b8a00c772761a8a81694ad4102ae54e\cache.$proc$cache.v:408$209'.
  created $adff cell `$procdff$1772' with positive edge clock and positive level reset.
Creating register for signal `$paramod$b59b5b5c9b8a00c772761a8a81694ad4102ae54e\cache.\tag_q[2]' using process `$paramod$b59b5b5c9b8a00c772761a8a81694ad4102ae54e\cache.$proc$cache.v:408$209'.
  created $adff cell `$procdff$1777' with positive edge clock and positive level reset.
Creating register for signal `$paramod$b59b5b5c9b8a00c772761a8a81694ad4102ae54e\cache.\tag_q[3]' using process `$paramod$b59b5b5c9b8a00c772761a8a81694ad4102ae54e\cache.$proc$cache.v:408$209'.
  created $adff cell `$procdff$1782' with positive edge clock and positive level reset.
Creating register for signal `$paramod$b59b5b5c9b8a00c772761a8a81694ad4102ae54e\cache.$mem2reg_rd$\tag_q$cache.v:429$157_ADDR' using process `$paramod$b59b5b5c9b8a00c772761a8a81694ad4102ae54e\cache.$proc$cache.v:408$209'.
  created $adff cell `$procdff$1787' with positive edge clock and positive level reset.
Creating register for signal `$paramod$b59b5b5c9b8a00c772761a8a81694ad4102ae54e\cache.$mem2reg_rd$\tag_q$cache.v:429$157_DATA' using process `$paramod$b59b5b5c9b8a00c772761a8a81694ad4102ae54e\cache.$proc$cache.v:408$209'.
  created $adff cell `$procdff$1792' with positive edge clock and positive level reset.
Creating register for signal `$paramod$b59b5b5c9b8a00c772761a8a81694ad4102ae54e\cache.$mem2reg_wr$\state_q$cache.v:431$158_ADDR' using process `$paramod$b59b5b5c9b8a00c772761a8a81694ad4102ae54e\cache.$proc$cache.v:408$209'.
  created $adff cell `$procdff$1797' with positive edge clock and positive level reset.
Creating register for signal `$paramod$b59b5b5c9b8a00c772761a8a81694ad4102ae54e\cache.$mem2reg_wr$\state_q$cache.v:431$158_DATA' using process `$paramod$b59b5b5c9b8a00c772761a8a81694ad4102ae54e\cache.$proc$cache.v:408$209'.
  created $adff cell `$procdff$1802' with positive edge clock and positive level reset.
Creating register for signal `$paramod$b59b5b5c9b8a00c772761a8a81694ad4102ae54e\cache.$mem2reg_wr$\state_q$cache.v:434$159_ADDR' using process `$paramod$b59b5b5c9b8a00c772761a8a81694ad4102ae54e\cache.$proc$cache.v:408$209'.
  created $adff cell `$procdff$1807' with positive edge clock and positive level reset.
Creating register for signal `$paramod$b59b5b5c9b8a00c772761a8a81694ad4102ae54e\cache.$mem2reg_wr$\state_q$cache.v:434$159_DATA' using process `$paramod$b59b5b5c9b8a00c772761a8a81694ad4102ae54e\cache.$proc$cache.v:408$209'.
  created $adff cell `$procdff$1812' with positive edge clock and positive level reset.
Creating register for signal `$paramod$b59b5b5c9b8a00c772761a8a81694ad4102ae54e\cache.$mem2reg_wr$\tag_q$cache.v:486$160_ADDR' using process `$paramod$b59b5b5c9b8a00c772761a8a81694ad4102ae54e\cache.$proc$cache.v:408$209'.
  created $adff cell `$procdff$1817' with positive edge clock and positive level reset.
Creating register for signal `$paramod$b59b5b5c9b8a00c772761a8a81694ad4102ae54e\cache.$mem2reg_wr$\tag_q$cache.v:486$160_DATA' using process `$paramod$b59b5b5c9b8a00c772761a8a81694ad4102ae54e\cache.$proc$cache.v:408$209'.
  created $adff cell `$procdff$1822' with positive edge clock and positive level reset.
Creating register for signal `$paramod$b59b5b5c9b8a00c772761a8a81694ad4102ae54e\cache.$mem2reg_wr$\state_q$cache.v:491$161_ADDR' using process `$paramod$b59b5b5c9b8a00c772761a8a81694ad4102ae54e\cache.$proc$cache.v:408$209'.
  created $adff cell `$procdff$1827' with positive edge clock and positive level reset.
Creating register for signal `$paramod$b59b5b5c9b8a00c772761a8a81694ad4102ae54e\cache.$mem2reg_wr$\state_q$cache.v:491$161_DATA' using process `$paramod$b59b5b5c9b8a00c772761a8a81694ad4102ae54e\cache.$proc$cache.v:408$209'.
  created $adff cell `$procdff$1832' with positive edge clock and positive level reset.
Creating register for signal `\cache_fv.\wb_seen' using process `\cache_fv.$proc$cache_fv.sv:360$138'.
  created $dff cell `$procdff$1833' with positive edge clock.
Creating register for signal `\cache_fv.\core_shadow' using process `\cache_fv.$proc$cache_fv.sv:315$125'.
  created $dff cell `$procdff$1834' with positive edge clock.
Creating register for signal `\cache_fv.\mem_shadow' using process `\cache_fv.$proc$cache_fv.sv:315$125'.
  created $dff cell `$procdff$1835' with positive edge clock.
Creating register for signal `\cache_fv.\stall_cnt' using process `\cache_fv.$proc$cache_fv.sv:294$101'.
  created $dff cell `$procdff$1836' with positive edge clock.
Creating register for signal `\cache_fv.\p_addr' using process `\cache_fv.$proc$cache_fv.sv:236$39'.
  created $dff cell `$procdff$1837' with positive edge clock.
Creating register for signal `\cache_fv.\p_wdata' using process `\cache_fv.$proc$cache_fv.sv:236$39'.
  created $dff cell `$procdff$1838' with positive edge clock.
Creating register for signal `\cache_fv.\p_wstrb' using process `\cache_fv.$proc$cache_fv.sv:236$39'.
  created $dff cell `$procdff$1839' with positive edge clock.
Creating register for signal `\cache_fv.\p_pending' using process `\cache_fv.$proc$cache_fv.sv:236$39'.
  created $dff cell `$procdff$1840' with positive edge clock.
Creating register for signal `\cache_fv.\rst_cnt' using process `\cache_fv.$proc$cache_fv.sv:66$6'.
  created $dff cell `$procdff$1841' with positive edge clock.
Creating register for signal `$paramod$7b037c4fbbba2471a5e2066cde6c52bf87c72998\sram_1p_bm.\A_DOUT' using process `$paramod$7b037c4fbbba2471a5e2066cde6c52bf87c72998\sram_1p_bm.$proc$sram_1p_bm.v:72$299'.
  created $dff cell `$procdff$1842' with positive edge clock.
Creating register for signal `$paramod$7b037c4fbbba2471a5e2066cde6c52bf87c72998\sram_1p_bm.$memwr$\mem$sram_1p_bm.v:75$298_ADDR' using process `$paramod$7b037c4fbbba2471a5e2066cde6c52bf87c72998\sram_1p_bm.$proc$sram_1p_bm.v:72$299'.
  created $dff cell `$procdff$1843' with positive edge clock.
Creating register for signal `$paramod$7b037c4fbbba2471a5e2066cde6c52bf87c72998\sram_1p_bm.$memwr$\mem$sram_1p_bm.v:75$298_DATA' using process `$paramod$7b037c4fbbba2471a5e2066cde6c52bf87c72998\sram_1p_bm.$proc$sram_1p_bm.v:72$299'.
  created $dff cell `$procdff$1844' with positive edge clock.
Creating register for signal `$paramod$7b037c4fbbba2471a5e2066cde6c52bf87c72998\sram_1p_bm.$memwr$\mem$sram_1p_bm.v:75$298_EN' using process `$paramod$7b037c4fbbba2471a5e2066cde6c52bf87c72998\sram_1p_bm.$proc$sram_1p_bm.v:72$299'.
  created $dff cell `$procdff$1845' with positive edge clock.

4.3.10. Executing PROC_MEMWR pass (convert process memory writes to cells).

4.3.11. Executing PROC_CLEAN pass (remove empty switches from decision trees).
Found and cleaned up 1 empty switch in `$paramod$b59b5b5c9b8a00c772761a8a81694ad4102ae54e\cache.$proc$cache.v:514$295'.
Removing empty process `$paramod$b59b5b5c9b8a00c772761a8a81694ad4102ae54e\cache.$proc$cache.v:514$295'.
Found and cleaned up 1 empty switch in `$paramod$b59b5b5c9b8a00c772761a8a81694ad4102ae54e\cache.$proc$cache.v:513$292'.
Removing empty process `$paramod$b59b5b5c9b8a00c772761a8a81694ad4102ae54e\cache.$proc$cache.v:513$292'.
Found and cleaned up 1 empty switch in `$paramod$b59b5b5c9b8a00c772761a8a81694ad4102ae54e\cache.$proc$cache.v:178$289'.
Removing empty process `$paramod$b59b5b5c9b8a00c772761a8a81694ad4102ae54e\cache.$proc$cache.v:178$289'.
Found and cleaned up 1 empty switch in `$paramod$b59b5b5c9b8a00c772761a8a81694ad4102ae54e\cache.$proc$cache.v:176$286'.
Removing empty process `$paramod$b59b5b5c9b8a00c772761a8a81694ad4102ae54e\cache.$proc$cache.v:176$286'.
Found and cleaned up 19 empty switches in `$paramod$b59b5b5c9b8a00c772761a8a81694ad4102ae54e\cache.$proc$cache.v:408$209'.
Removing empty process `$paramod$b59b5b5c9b8a00c772761a8a81694ad4102ae54e\cache.$proc$cache.v:408$209'.
Found and cleaned up 1 empty switch in `$paramod$b59b5b5c9b8a00c772761a8a81694ad4102ae54e\cache.$proc$cache.v:368$207'.
Removing empty process `$paramod$b59b5b5c9b8a00c772761a8a81694ad4102ae54e\cache.$proc$cache.v:368$207'.
Found and cleaned up 2 empty switches in `$paramod$b59b5b5c9b8a00c772761a8a81694ad4102ae54e\cache.$proc$cache.v:335$202'.
Removing empty process `$paramod$b59b5b5c9b8a00c772761a8a81694ad4102ae54e\cache.$proc$cache.v:335$202'.
Found and cleaned up 5 empty switches in `$paramod$b59b5b5c9b8a00c772761a8a81694ad4102ae54e\cache.$proc$cache.v:290$178'.
Removing empty process `$paramod$b59b5b5c9b8a00c772761a8a81694ad4102ae54e\cache.$proc$cache.v:290$178'.
Removing empty process `cache_fv.$proc$cache_fv.sv:64$148'.
Found and cleaned up 1 empty switch in `\cache_fv.$proc$cache_fv.sv:377$146'.
Removing empty process `cache_fv.$proc$cache_fv.sv:377$146'.
Found and cleaned up 1 empty switch in `\cache_fv.$proc$cache_fv.sv:366$140'.
Removing empty process `cache_fv.$proc$cache_fv.sv:366$140'.
Found and cleaned up 2 empty switches in `\cache_fv.$proc$cache_fv.sv:360$138'.
Removing empty process `cache_fv.$proc$cache_fv.sv:360$138'.
Found and cleaned up 1 empty switch in `\cache_fv.$proc$cache_fv.sv:345$131'.
Removing empty process `cache_fv.$proc$cache_fv.sv:345$131'.
Found and cleaned up 1 empty switch in `\cache_fv.$proc$cache_fv.sv:338$127'.
Removing empty process `cache_fv.$proc$cache_fv.sv:338$127'.
Found and cleaned up 11 empty switches in `\cache_fv.$proc$cache_fv.sv:315$125'.
Removing empty process `cache_fv.$proc$cache_fv.sv:315$125'.
Removing empty process `cache_fv.$proc$cache_fv.sv:302$106'.
Found and cleaned up 2 empty switches in `\cache_fv.$proc$cache_fv.sv:294$101'.
Removing empty process `cache_fv.$proc$cache_fv.sv:294$101'.
Removing empty process `cache_fv.$proc$cache_fv.sv:275$52'.
Found and cleaned up 1 empty switch in `\cache_fv.$proc$cache_fv.sv:246$43'.
Removing empty process `cache_fv.$proc$cache_fv.sv:246$43'.
Found and cleaned up 1 empty switch in `\cache_fv.$proc$cache_fv.sv:236$39'.
Removing empty process `cache_fv.$proc$cache_fv.sv:236$39'.
Removing empty process `cache_fv.$proc$cache_fv.sv:227$36'.
Found and cleaned up 4 empty switches in `\cache_fv.$proc$cache_fv.sv:210$25'.
Removing empty process `cache_fv.$proc$cache_fv.sv:210$25'.
Found and cleaned up 1 empty switch in `\cache_fv.$proc$cache_fv.sv:66$6'.
Removing empty process `cache_fv.$proc$cache_fv.sv:66$6'.
Found and cleaned up 3 empty switches in `$paramod$7b037c4fbbba2471a5e2066cde6c52bf87c72998\sram_1p_bm.$proc$sram_1p_bm.v:72$299'.
Removing empty process `$paramod$7b037c4fbbba2471a5e2066cde6c52bf87c72998\sram_1p_bm.$proc$sram_1p_bm.v:72$299'.
Cleaned up 60 empty switches.

4.3.12. Executing OPT_EXPR pass (perform const folding).
Optimizing module $paramod$b59b5b5c9b8a00c772761a8a81694ad4102ae54e\cache.
<suppressed ~187 debug messages>
Optimizing module cache_fv.
<suppressed ~33 debug messages>
Optimizing module $paramod$7b037c4fbbba2471a5e2066cde6c52bf87c72998\sram_1p_bm.

4.4. Executing FLATTEN pass (flatten design).
Deleting now unused module $paramod$b59b5b5c9b8a00c772761a8a81694ad4102ae54e\cache.
Deleting now unused module $paramod$7b037c4fbbba2471a5e2066cde6c52bf87c72998\sram_1p_bm.
<suppressed ~2 debug messages>

4.5. Executing FUTURE pass.

4.6. Executing OPT_EXPR pass (perform const folding).
Optimizing module cache_fv.
<suppressed ~23 debug messages>

4.7. Executing OPT_CLEAN pass (remove unused cells and wires).
Finding unused cells or wires in module \cache_fv..
Removed 205 unused cells and 804 unused wires.
<suppressed ~210 debug messages>

4.8. Executing CHECK pass (checking for obvious problems).
Checking module cache_fv...
Found and reported 0 problems.

4.9. Executing OPT pass (performing simple optimizations).

4.9.1. Executing OPT_EXPR pass (perform const folding).
Optimizing module cache_fv.

4.9.2. Executing OPT_MERGE pass (detect identical cells).
Finding identical cells in module `\cache_fv'.
Computing hashes of 487 cells of `\cache_fv'.
Finding duplicate cells in `\cache_fv'.
Computing hashes of 380 cells of `\cache_fv'.
Finding duplicate cells in `\cache_fv'.
Computing hashes of 379 cells of `\cache_fv'.
Finding duplicate cells in `\cache_fv'.
<suppressed ~324 debug messages>
Removed a total of 108 cells.

4.9.3. Executing OPT_MUXTREE pass (detect dead branches in mux trees).
Running muxtree optimizer on module \cache_fv..
  Creating internal representation of mux trees.
  Evaluating internal representation of mux trees.
  Analyzing evaluation results.
    dead port 2/2 on $mux $flatten\uut.$procmux$1270.
    dead port 2/2 on $mux $flatten\uut.$procmux$1279.
    dead port 2/2 on $mux $flatten\uut.$procmux$1300.
    dead port 2/2 on $mux $flatten\uut.$procmux$1306.
    dead port 2/2 on $mux $flatten\uut.$procmux$1312.
    dead port 2/2 on $mux $flatten\uut.$procmux$1318.
    dead port 2/2 on $mux $flatten\uut.$procmux$1324.
    dead port 1/2 on $mux $flatten\uut.$procmux$1333.
    dead port 2/2 on $mux $flatten\uut.$procmux$1338.
    dead port 1/2 on $mux $flatten\uut.$procmux$1347.
    dead port 2/2 on $mux $flatten\uut.$procmux$1352.
    dead port 2/2 on $mux $flatten\uut.$procmux$1363.
    dead port 2/2 on $mux $flatten\uut.$procmux$522.
    dead port 1/2 on $mux $flatten\uut.$procmux$517.
    dead port 2/2 on $mux $flatten\uut.$procmux$1418.
    dead port 2/2 on $mux $flatten\uut.$procmux$1429.
    dead port 2/2 on $mux $flatten\uut.$procmux$1440.
    dead port 2/2 on $mux $flatten\uut.$procmux$1480.
    dead port 2/2 on $mux $flatten\uut.$procmux$1488.
    dead port 2/2 on $mux $flatten\uut.$procmux$1496.
    dead port 2/2 on $mux $flatten\uut.$procmux$514.
    dead port 2/2 on $mux $flatten\uut.$procmux$1504.
    dead port 2/2 on $mux $flatten\uut.\g_model.u_data.$procmux$1676.
    dead port 2/2 on $mux $flatten\uut.\g_model.u_data.$procmux$1670.
    dead port 2/2 on $mux $flatten\uut.\g_model.u_data.$procmux$1664.
Removed 25 multiplexer ports.
<suppressed ~272 debug messages>

4.9.4. Executing OPT_REDUCE pass (consolidate $*mux and $reduce_* inputs).
  Optimizing cells in module \cache_fv.
    New ctrl vector for $pmux cell $flatten\uut.$procmux$1241: { $auto$opt_reduce.cc:137:opt_pmux$1850 $flatten\uut.$procmux$1210_CMP }
    New ctrl vector for $pmux cell $flatten\uut.$procmux$1258: $auto$opt_reduce.cc:137:opt_pmux$1852
    New ctrl vector for $pmux cell $flatten\uut.$procmux$1283: $flatten\uut.$procmux$1210_CMP
    New ctrl vector for $pmux cell $flatten\uut.$procmux$1287: { $auto$opt_reduce.cc:137:opt_pmux$1854 $flatten\uut.$procmux$1210_CMP $flatten\uut.$procmux$985_CMP }
    New ctrl vector for $pmux cell $flatten\uut.$procmux$1293: $flatten\uut.$procmux$1288_CMP
    Consolidated identical input bits for $mux cell $flatten\uut.\g_model.u_data.$procmux$1662:
      Old ports: A=64'0000000000000000000000000000000000000000000000000000000000000000, B=64'1111111111111111111111111111111111111111111111111111111111111111, Y=$flatten\uut.\g_model.u_data.$procmux$1662_Y
      New ports: A=1'0, B=1'1, Y=$flatten\uut.\g_model.u_data.$procmux$1662_Y [0]
      New connections: $flatten\uut.\g_model.u_data.$procmux$1662_Y [63:1] = { $flatten\uut.\g_model.u_data.$procmux$1662_Y [0] $flatten\uut.\g_model.u_data.$procmux$1662_Y [0] $flatten\uut.\g_model.u_data.$procmux$1662_Y [0] $flatten\uut.\g_model.u_data.$procmux$1662_Y [0] $flatten\uut.\g_model.u_data.$procmux$1662_Y [0] $flatten\uut.\g_model.u_data.$procmux$1662_Y [0] $flatten\uut.\g_model.u_data.$procmux$1662_Y [0] $flatten\uut.\g_model.u_data.$procmux$1662_Y [0] $flatten\uut.\g_model.u_data.$procmux$1662_Y [0] $flatten\uut.\g_model.u_data.$procmux$1662_Y [0] $flatten\uut.\g_model.u_data.$procmux$1662_Y [0] $flatten\uut.\g_model.u_data.$procmux$1662_Y [0] $flatten\uut.\g_model.u_data.$procmux$1662_Y [0] $flatten\uut.\g_model.u_data.$procmux$1662_Y [0] $flatten\uut.\g_model.u_data.$procmux$1662_Y [0] $flatten\uut.\g_model.u_data.$procmux$1662_Y [0] $flatten\uut.\g_model.u_data.$procmux$1662_Y [0] $flatten\uut.\g_model.u_data.$procmux$1662_Y [0] $flatten\uut.\g_model.u_data.$procmux$1662_Y [0] $flatten\uut.\g_model.u_data.$procmux$1662_Y [0] $flatten\uut.\g_model.u_data.$procmux$1662_Y [0] $flatten\uut.\g_model.u_data.$procmux$1662_Y [0] $flatten\uut.\g_model.u_data.$procmux$1662_Y [0] $flatten\uut.\g_model.u_data.$procmux$1662_Y [0] $flatten\uut.\g_model.u_data.$procmux$1662_Y [0] $flatten\uut.\g_model.u_data.$procmux$1662_Y [0] $flatten\uut.\g_model.u_data.$procmux$1662_Y [0] $flatten\uut.\g_model.u_data.$procmux$1662_Y [0] $flatten\uut.\g_model.u_data.$procmux$1662_Y [0] $flatten\uut.\g_model.u_data.$procmux$1662_Y [0] $flatten\uut.\g_model.u_data.$procmux$1662_Y [0] $flatten\uut.\g_model.u_data.$procmux$1662_Y [0] $flatten\uut.\g_model.u_data.$procmux$1662_Y [0] $flatten\uut.\g_model.u_data.$procmux$1662_Y [0] $flatten\uut.\g_model.u_data.$procmux$1662_Y [0] $flatten\uut.\g_model.u_data.$procmux$1662_Y [0] $flatten\uut.\g_model.u_data.$procmux$1662_Y [0] $flatten\uut.\g_model.u_data.$procmux$1662_Y [0] $flatten\uut.\g_model.u_data.$procmux$1662_Y [0] $flatten\uut.\g_model.u_data.$procmux$1662_Y [0] $flatten\uut.\g_model.u_data.$procmux$1662_Y [0] $flatten\uut.\g_model.u_data.$procmux$1662_Y [0] $flatten\uut.\g_model.u_data.$procmux$1662_Y [0] $flatten\uut.\g_model.u_data.$procmux$1662_Y [0] $flatten\uut.\g_model.u_data.$procmux$1662_Y [0] $flatten\uut.\g_model.u_data.$procmux$1662_Y [0] $flatten\uut.\g_model.u_data.$procmux$1662_Y [0] $flatten\uut.\g_model.u_data.$procmux$1662_Y [0] $flatten\uut.\g_model.u_data.$procmux$1662_Y [0] $flatten\uut.\g_model.u_data.$procmux$1662_Y [0] $flatten\uut.\g_model.u_data.$procmux$1662_Y [0] $flatten\uut.\g_model.u_data.$procmux$1662_Y [0] $flatten\uut.\g_model.u_data.$procmux$1662_Y [0] $flatten\uut.\g_model.u_data.$procmux$1662_Y [0] $flatten\uut.\g_model.u_data.$procmux$1662_Y [0] $flatten\uut.\g_model.u_data.$procmux$1662_Y [0] $flatten\uut.\g_model.u_data.$procmux$1662_Y [0] $flatten\uut.\g_model.u_data.$procmux$1662_Y [0] $flatten\uut.\g_model.u_data.$procmux$1662_Y [0] $flatten\uut.\g_model.u_data.$procmux$1662_Y [0] $flatten\uut.\g_model.u_data.$procmux$1662_Y [0] $flatten\uut.\g_model.u_data.$procmux$1662_Y [0] $flatten\uut.\g_model.u_data.$procmux$1662_Y [0] }
  Optimizing cells in module \cache_fv.
    Consolidated identical input bits for $mux cell $flatten\uut.\g_model.u_data.$procmux$1679:
      Old ports: A=64'0000000000000000000000000000000000000000000000000000000000000000, B=$flatten\uut.\g_model.u_data.$2$memwr$\mem$sram_1p_bm.v:75$298_EN[63:0]$308, Y=$flatten\uut.\g_model.u_data.$0$memwr$\mem$sram_1p_bm.v:75$298_EN[63:0]$302
      New ports: A=1'0, B=$flatten\uut.\g_model.u_data.$procmux$1662_Y [0], Y=$flatten\uut.\g_model.u_data.$0$memwr$\mem$sram_1p_bm.v:75$298_EN[63:0]$302 [0]
      New connections: $flatten\uut.\g_model.u_data.$0$memwr$\mem$sram_1p_bm.v:75$298_EN[63:0]$302 [63:1] = { $flatten\uut.\g_model.u_data.$0$memwr$\mem$sram_1p_bm.v:75$298_EN[63:0]$302 [0] $flatten\uut.\g_model.u_data.$0$memwr$\mem$sram_1p_bm.v:75$298_EN[63:0]$302 [0] $flatten\uut.\g_model.u_data.$0$memwr$\mem$sram_1p_bm.v:75$298_EN[63:0]$302 [0] $flatten\uut.\g_model.u_data.$0$memwr$\mem$sram_1p_bm.v:75$298_EN[63:0]$302 [0] $flatten\uut.\g_model.u_data.$0$memwr$\mem$sram_1p_bm.v:75$298_EN[63:0]$302 [0] $flatten\uut.\g_model.u_data.$0$memwr$\mem$sram_1p_bm.v:75$298_EN[63:0]$302 [0] $flatten\uut.\g_model.u_data.$0$memwr$\mem$sram_1p_bm.v:75$298_EN[63:0]$302 [0] $flatten\uut.\g_model.u_data.$0$memwr$\mem$sram_1p_bm.v:75$298_EN[63:0]$302 [0] $flatten\uut.\g_model.u_data.$0$memwr$\mem$sram_1p_bm.v:75$298_EN[63:0]$302 [0] $flatten\uut.\g_model.u_data.$0$memwr$\mem$sram_1p_bm.v:75$298_EN[63:0]$302 [0] $flatten\uut.\g_model.u_data.$0$memwr$\mem$sram_1p_bm.v:75$298_EN[63:0]$302 [0] $flatten\uut.\g_model.u_data.$0$memwr$\mem$sram_1p_bm.v:75$298_EN[63:0]$302 [0] $flatten\uut.\g_model.u_data.$0$memwr$\mem$sram_1p_bm.v:75$298_EN[63:0]$302 [0] $flatten\uut.\g_model.u_data.$0$memwr$\mem$sram_1p_bm.v:75$298_EN[63:0]$302 [0] $flatten\uut.\g_model.u_data.$0$memwr$\mem$sram_1p_bm.v:75$298_EN[63:0]$302 [0] $flatten\uut.\g_model.u_data.$0$memwr$\mem$sram_1p_bm.v:75$298_EN[63:0]$302 [0] $flatten\uut.\g_model.u_data.$0$memwr$\mem$sram_1p_bm.v:75$298_EN[63:0]$302 [0] $flatten\uut.\g_model.u_data.$0$memwr$\mem$sram_1p_bm.v:75$298_EN[63:0]$302 [0] $flatten\uut.\g_model.u_data.$0$memwr$\mem$sram_1p_bm.v:75$298_EN[63:0]$302 [0] $flatten\uut.\g_model.u_data.$0$memwr$\mem$sram_1p_bm.v:75$298_EN[63:0]$302 [0] $flatten\uut.\g_model.u_data.$0$memwr$\mem$sram_1p_bm.v:75$298_EN[63:0]$302 [0] $flatten\uut.\g_model.u_data.$0$memwr$\mem$sram_1p_bm.v:75$298_EN[63:0]$302 [0] $flatten\uut.\g_model.u_data.$0$memwr$\mem$sram_1p_bm.v:75$298_EN[63:0]$302 [0] $flatten\uut.\g_model.u_data.$0$memwr$\mem$sram_1p_bm.v:75$298_EN[63:0]$302 [0] $flatten\uut.\g_model.u_data.$0$memwr$\mem$sram_1p_bm.v:75$298_EN[63:0]$302 [0] $flatten\uut.\g_model.u_data.$0$memwr$\mem$sram_1p_bm.v:75$298_EN[63:0]$302 [0] $flatten\uut.\g_model.u_data.$0$memwr$\mem$sram_1p_bm.v:75$298_EN[63:0]$302 [0] $flatten\uut.\g_model.u_data.$0$memwr$\mem$sram_1p_bm.v:75$298_EN[63:0]$302 [0] $flatten\uut.\g_model.u_data.$0$memwr$\mem$sram_1p_bm.v:75$298_EN[63:0]$302 [0] $flatten\uut.\g_model.u_data.$0$memwr$\mem$sram_1p_bm.v:75$298_EN[63:0]$302 [0] $flatten\uut.\g_model.u_data.$0$memwr$\mem$sram_1p_bm.v:75$298_EN[63:0]$302 [0] $flatten\uut.\g_model.u_data.$0$memwr$\mem$sram_1p_bm.v:75$298_EN[63:0]$302 [0] $flatten\uut.\g_model.u_data.$0$memwr$\mem$sram_1p_bm.v:75$298_EN[63:0]$302 [0] $flatten\uut.\g_model.u_data.$0$memwr$\mem$sram_1p_bm.v:75$298_EN[63:0]$302 [0] $flatten\uut.\g_model.u_data.$0$memwr$\mem$sram_1p_bm.v:75$298_EN[63:0]$302 [0] $flatten\uut.\g_model.u_data.$0$memwr$\mem$sram_1p_bm.v:75$298_EN[63:0]$302 [0] $flatten\uut.\g_model.u_data.$0$memwr$\mem$sram_1p_bm.v:75$298_EN[63:0]$302 [0] $flatten\uut.\g_model.u_data.$0$memwr$\mem$sram_1p_bm.v:75$298_EN[63:0]$302 [0] $flatten\uut.\g_model.u_data.$0$memwr$\mem$sram_1p_bm.v:75$298_EN[63:0]$302 [0] $flatten\uut.\g_model.u_data.$0$memwr$\mem$sram_1p_bm.v:75$298_EN[63:0]$302 [0] $flatten\uut.\g_model.u_data.$0$memwr$\mem$sram_1p_bm.v:75$298_EN[63:0]$302 [0] $flatten\uut.\g_model.u_data.$0$memwr$\mem$sram_1p_bm.v:75$298_EN[63:0]$302 [0] $flatten\uut.\g_model.u_data.$0$memwr$\mem$sram_1p_bm.v:75$298_EN[63:0]$302 [0] $flatten\uut.\g_model.u_data.$0$memwr$\mem$sram_1p_bm.v:75$298_EN[63:0]$302 [0] $flatten\uut.\g_model.u_data.$0$memwr$\mem$sram_1p_bm.v:75$298_EN[63:0]$302 [0] $flatten\uut.\g_model.u_data.$0$memwr$\mem$sram_1p_bm.v:75$298_EN[63:0]$302 [0] $flatten\uut.\g_model.u_data.$0$memwr$\mem$sram_1p_bm.v:75$298_EN[63:0]$302 [0] $flatten\uut.\g_model.u_data.$0$memwr$\mem$sram_1p_bm.v:75$298_EN[63:0]$302 [0] $flatten\uut.\g_model.u_data.$0$memwr$\mem$sram_1p_bm.v:75$298_EN[63:0]$302 [0] $flatten\uut.\g_model.u_data.$0$memwr$\mem$sram_1p_bm.v:75$298_EN[63:0]$302 [0] $flatten\uut.\g_model.u_data.$0$memwr$\mem$sram_1p_bm.v:75$298_EN[63:0]$302 [0] $flatten\uut.\g_model.u_data.$0$memwr$\mem$sram_1p_bm.v:75$298_EN[63:0]$302 [0] $flatten\uut.\g_model.u_data.$0$memwr$\mem$sram_1p_bm.v:75$298_EN[63:0]$302 [0] $flatten\uut.\g_model.u_data.$0$memwr$\mem$sram_1p_bm.v:75$298_EN[63:0]$302 [0] $flatten\uut.\g_model.u_data.$0$memwr$\mem$sram_1p_bm.v:75$298_EN[63:0]$302 [0] $flatten\uut.\g_model.u_data.$0$memwr$\mem$sram_1p_bm.v:75$298_EN[63:0]$302 [0] $flatten\uut.\g_model.u_data.$0$memwr$\mem$sram_1p_bm.v:75$298_EN[63:0]$302 [0] $flatten\uut.\g_model.u_data.$0$memwr$\mem$sram_1p_bm.v:75$298_EN[63:0]$302 [0] $flatten\uut.\g_model.u_data.$0$memwr$\mem$sram_1p_bm.v:75$298_EN[63:0]$302 [0] $flatten\uut.\g_model.u_data.$0$memwr$\mem$sram_1p_bm.v:75$298_EN[63:0]$302 [0] $flatten\uut.\g_model.u_data.$0$memwr$\mem$sram_1p_bm.v:75$298_EN[63:0]$302 [0] $flatten\uut.\g_model.u_data.$0$memwr$\mem$sram_1p_bm.v:75$298_EN[63:0]$302 [0] $flatten\uut.\g_model.u_data.$0$memwr$\mem$sram_1p_bm.v:75$298_EN[63:0]$302 [0] }
  Optimizing cells in module \cache_fv.
Performed a total of 7 changes.

4.9.5. Executing OPT_MERGE pass (detect identical cells).
Finding identical cells in module `\cache_fv'.
Computing hashes of 357 cells of `\cache_fv'.
Finding duplicate cells in `\cache_fv'.
Computing hashes of 351 cells of `\cache_fv'.
Finding duplicate cells in `\cache_fv'.
<suppressed ~18 debug messages>
Removed a total of 6 cells.

4.9.6. Executing OPT_CLEAN pass (remove unused cells and wires).
Finding unused cells or wires in module \cache_fv..
Removed 0 unused cells and 139 unused wires.
<suppressed ~1 debug messages>

4.9.7. Executing OPT_EXPR pass (perform const folding).
Optimizing module cache_fv.

4.9.8. Rerunning OPT passes. (Maybe there is more to do..)

4.9.9. Executing OPT_MUXTREE pass (detect dead branches in mux trees).
Running muxtree optimizer on module \cache_fv..
  Creating internal representation of mux trees.
  Evaluating internal representation of mux trees.
  Analyzing evaluation results.
Removed 0 multiplexer ports.
<suppressed ~241 debug messages>

4.9.10. Executing OPT_REDUCE pass (consolidate $*mux and $reduce_* inputs).
  Optimizing cells in module \cache_fv.
Performed a total of 0 changes.

4.9.11. Executing OPT_MERGE pass (detect identical cells).
Finding identical cells in module `\cache_fv'.
Computing hashes of 351 cells of `\cache_fv'.
Finding duplicate cells in `\cache_fv'.
Removed a total of 0 cells.

4.9.12. Executing OPT_CLEAN pass (remove unused cells and wires).
Finding unused cells or wires in module \cache_fv..

4.9.13. Executing OPT_EXPR pass (perform const folding).
Optimizing module cache_fv.

4.9.14. Finished fast OPT passes. (There is nothing left to do.)

4.10. Executing WREDUCE pass (reducing word size of cells).
Removed top 1 bits (of 2) from port B of cell cache_fv.$add$cache_fv.sv:68$8 ($add).
Removed top 17 bits (of 32) from port B of cell cache_fv.$lt$cache_fv.sv:227$38 ($lt).
Removed top 1 bits (of 2) from port B of cell cache_fv.$add$cache_fv.sv:298$105 ($add).
Removed top 15 bits (of 32) from port B of cell cache_fv.$lt$cache_fv.sv:346$134 ($lt).
Removed top 2 bits (of 3) from mux cell cache_fv.$flatten\uut.$procmux$1310 ($mux).
Removed top 3 bits (of 4) from port B of cell cache_fv.$flatten\uut.$procmux$1290_CMP0 ($eq).
Removed top 1 bits (of 4) from port B of cell cache_fv.$flatten\uut.$procmux$1288_CMP0 ($eq).
Removed top 2 bits (of 4) from port B of cell cache_fv.$flatten\uut.$procmux$1210_CMP0 ($eq).
Removed top 2 bits (of 4) from port B of cell cache_fv.$flatten\uut.$procmux$1207_CMP0 ($eq).
Removed top 1 bits (of 4) from mux cell cache_fv.$flatten\uut.$procmux$1199 ($mux).
Removed top 1 bits (of 4) from port B of cell cache_fv.$flatten\uut.$procmux$1174_CMP0 ($eq).
Removed top 1 bits (of 4) from port B of cell cache_fv.$flatten\uut.$procmux$1155_CMP0 ($eq).
Removed top 1 bits (of 2) from port B of cell cache_fv.$flatten\uut.$procmux$926_CMP0 ($eq).
Removed top 1 bits (of 4) from port B of cell cache_fv.$flatten\uut.$procmux$918_CMP0 ($eq).
Removed top 1 bits (of 2) from port B of cell cache_fv.$flatten\uut.$procmux$324_CMP0 ($eq).
Removed top 31 bits (of 32) from port B of cell cache_fv.$flatten\uut.$add$cache.v:495$285 ($add).
Removed top 30 bits (of 32) from port Y of cell cache_fv.$flatten\uut.$add$cache.v:495$285 ($add).
Removed top 30 bits (of 32) from port B of cell cache_fv.$flatten\uut.$add$cache.v:472$270 ($add).
Removed top 30 bits (of 32) from port Y of cell cache_fv.$flatten\uut.$add$cache.v:472$270 ($add).
Removed top 1 bits (of 4) from mux cell cache_fv.$flatten\uut.$ternary$cache.v:432$264 ($mux).
Removed top 28 bits (of 32) from port B of cell cache_fv.$flatten\uut.$or$cache.v:397$208 ($or).
Removed top 2 bits (of 3) from mux cell cache_fv.$flatten\uut.$procmux$1548 ($pmux).
Removed top 1 bits (of 4) from wire cache_fv.$flatten\uut.$procmux$1199_Y.
Removed top 1 bits (of 4) from wire cache_fv.$flatten\uut.$ternary$cache.v:432$264_Y.
Removed top 30 bits (of 32) from wire cache_fv.$flatten\uut.$add$cache.v:472$270_Y.
Removed top 30 bits (of 32) from wire cache_fv.$flatten\uut.$add$cache.v:495$285_Y.
Removed top 6 bits (of 32) from wire cache_fv.chk_tag_seen.
Removed top 30 bits (of 32) from wire cache_fv.chk_index_z.

4.11. Executing OPT_CLEAN pass (remove unused cells and wires).
Finding unused cells or wires in module \cache_fv..
Removed 0 unused cells and 6 unused wires.
<suppressed ~1 debug messages>

4.12. Executing MEMORY_COLLECT pass (generating $mem cells).

4.13. Executing OPT pass (performing simple optimizations).

4.13.1. Executing OPT_EXPR pass (perform const folding).
Optimizing module cache_fv.

4.13.2. Executing OPT_MERGE pass (detect identical cells).
Finding identical cells in module `\cache_fv'.
Computing hashes of 349 cells of `\cache_fv'.
Finding duplicate cells in `\cache_fv'.
Removed a total of 0 cells.

4.13.3. Executing OPT_CLEAN pass (remove unused cells and wires).
Finding unused cells or wires in module \cache_fv..

4.13.4. Finished fast OPT passes.

4.14. Executing SORT pass.

4.15. Printing statistics.

=== cache_fv ===

        +----------Local Count, excluding submodules.
        | 
      366 wires
     4504 wire bits
      115 public wires
     1893 public wire bits
        1 ports
        1 port bits
      349 cells
        4   $add
       10   $adff
        2   $and
        2   $anyconst
        6   $anyseq
       25   $check
       14   $dff
       39   $eq
       28   $logic_and
       22   $logic_not
       12   $logic_or
        3   $lt
        1   $mem_v2
      149   $mux
        1   $ne
        1   $not
        2   $or
       19   $pmux
        4   $reduce_bool
        3   $reduce_or
        2   $scopeinfo

4.16. Executing CHECK pass (checking for obvious problems).
Checking module cache_fv...
Found and reported 0 problems.

5. Executing MEMORY_MAP pass (converting memories to logic and flip-flops).
Mapping memory \uut.g_model.u_data.mem in module \cache_fv:
  created 8 $dff cells and 0 static cells of width 64.
  read interface: 0 $dff and 14 $mux cells.
  write interface: 8 write mux blocks.

6. Executing OPT pass (performing simple optimizations).

6.1. Executing OPT_EXPR pass (perform const folding).
Optimizing module cache_fv.
<suppressed ~6 debug messages>

6.2. Executing OPT_MERGE pass (detect identical cells).
Finding identical cells in module `\cache_fv'.
Computing hashes of 401 cells of `\cache_fv'.
Finding duplicate cells in `\cache_fv'.
Removed a total of 0 cells.

6.3. Executing OPT_DFF pass (perform DFF optimizations).
Adding EN signal on $procdff$1841 ($dff) from module cache_fv (D = $add$cache_fv.sv:68$8_Y, Q = \rst_cnt).
Adding SRST signal on $procdff$1840 ($dff) from module cache_fv (D = $logic_and$cache_fv.sv:243$42_Y, Q = \p_pending, rval = 1'0).
Adding EN signal on $procdff$1839 ($dff) from module cache_fv (D = \c_wstrb, Q = \p_wstrb).
Adding EN signal on $procdff$1838 ($dff) from module cache_fv (D = \c_wdata, Q = \p_wdata).
Adding EN signal on $procdff$1837 ($dff) from module cache_fv (D = \c_addr, Q = \p_addr).
Adding SRST signal on $procdff$1836 ($dff) from module cache_fv (D = $add$cache_fv.sv:298$105_Y, Q = \stall_cnt, rval = 2'00).
Adding EN signal on $procdff$1835 ($dff) from module cache_fv (D = $0\mem_shadow[31:0] [7:0], Q = \mem_shadow [7:0]).
Adding EN signal on $procdff$1835 ($dff) from module cache_fv (D = $0\mem_shadow[31:0] [15:8], Q = \mem_shadow [15:8]).
Adding EN signal on $procdff$1835 ($dff) from module cache_fv (D = $0\mem_shadow[31:0] [23:16], Q = \mem_shadow [23:16]).
Adding EN signal on $procdff$1835 ($dff) from module cache_fv (D = $0\mem_shadow[31:0] [31:24], Q = \mem_shadow [31:24]).
Adding EN signal on $procdff$1834 ($dff) from module cache_fv (D = $0\core_shadow[31:0] [7:0], Q = \core_shadow [7:0]).
Adding EN signal on $procdff$1834 ($dff) from module cache_fv (D = $0\core_shadow[31:0] [15:8], Q = \core_shadow [15:8]).
Adding EN signal on $procdff$1834 ($dff) from module cache_fv (D = $0\core_shadow[31:0] [23:16], Q = \core_shadow [23:16]).
Adding EN signal on $procdff$1834 ($dff) from module cache_fv (D = $0\core_shadow[31:0] [31:24], Q = \core_shadow [31:24]).
Adding SRST signal on $procdff$1833 ($dff) from module cache_fv (D = $procmux$1555_Y, Q = \wb_seen, rval = 1'0).
Adding EN signal on $auto$ff.cc:337:slice$2051 ($sdff) from module cache_fv (D = 1'1, Q = \wb_seen).
Adding EN signal on $flatten\uut.\g_model.u_data.$procdff$1842 ($dff) from module cache_fv (D = $flatten\uut.\g_model.u_data.$memrd$\mem$sram_1p_bm.v:75$310_DATA, Q = \uut.g_model.u_data.A_DOUT).
Adding EN signal on $flatten\uut.$procdff$1782 ($adff) from module cache_fv (D = \c_addr [31:6], Q = \uut.tag_q[3]).
Adding EN signal on $flatten\uut.$procdff$1777 ($adff) from module cache_fv (D = \c_addr [31:6], Q = \uut.tag_q[2]).
Adding EN signal on $flatten\uut.$procdff$1772 ($adff) from module cache_fv (D = \c_addr [31:6], Q = \uut.tag_q[1]).
Adding EN signal on $flatten\uut.$procdff$1767 ($adff) from module cache_fv (D = \c_addr [31:6], Q = \uut.tag_q[0]).
Adding EN signal on $flatten\uut.$procdff$1762 ($adff) from module cache_fv (D = $flatten\uut.$0\state_q[3][1:0], Q = \uut.state_q[3]).
Adding EN signal on $flatten\uut.$procdff$1757 ($adff) from module cache_fv (D = $flatten\uut.$0\state_q[2][1:0], Q = \uut.state_q[2]).
Adding EN signal on $flatten\uut.$procdff$1752 ($adff) from module cache_fv (D = $flatten\uut.$0\state_q[1][1:0], Q = \uut.state_q[1]).
Adding EN signal on $flatten\uut.$procdff$1747 ($adff) from module cache_fv (D = $flatten\uut.$0\state_q[0][1:0], Q = \uut.state_q[0]).
Adding EN signal on $flatten\uut.$procdff$1742 ($dff) from module cache_fv (D = $flatten\uut.$0$mem2reg_rd$\tag_q$cache.v:178$156_DATA[25:0]$290, Q = \uut.wb_tag).
Adding EN signal on $flatten\uut.$procdff$1735 ($dff) from module cache_fv (D = { \c_addr [31:4] 4'0000 }, Q = \uut.line_base).
Adding EN signal on $flatten\uut.$procdff$1728 ($dff) from module cache_fv (D = \uut.m_rdata, Q = \uut.fill_lo).
Adding EN signal on $flatten\uut.$procdff$1721 ($dff) from module cache_fv (D = \uut.g_model.u_data.A_DOUT, Q = \uut.wb_data).
Adding EN signal on $flatten\uut.$procdff$1714 ($adff) from module cache_fv (D = $flatten\uut.$0\beat[1:0], Q = \uut.beat).
Adding EN signal on $flatten\uut.$procdff$1709 ($adff) from module cache_fv (D = $flatten\uut.$0\state[3:0], Q = \uut.state).
Setting constant 0-bit at position 0 on $auto$ff.cc:337:slice$2151 ($dffe) from module cache_fv.
Setting constant 0-bit at position 1 on $auto$ff.cc:337:slice$2151 ($dffe) from module cache_fv.
Setting constant 0-bit at position 2 on $auto$ff.cc:337:slice$2151 ($dffe) from module cache_fv.
Setting constant 0-bit at position 3 on $auto$ff.cc:337:slice$2151 ($dffe) from module cache_fv.

6.4. Executing OPT_CLEAN pass (remove unused cells and wires).
Finding unused cells or wires in module \cache_fv..
Removed 42 unused cells and 67 unused wires.
<suppressed ~43 debug messages>

6.5. Rerunning OPT passes. (Removed registers in this run.)

6.6. Executing OPT_EXPR pass (perform const folding).
Optimizing module cache_fv.
<suppressed ~5 debug messages>

6.7. Executing OPT_MERGE pass (detect identical cells).
Finding identical cells in module `\cache_fv'.
Computing hashes of 454 cells of `\cache_fv'.
Finding duplicate cells in `\cache_fv'.
Computing hashes of 427 cells of `\cache_fv'.
Finding duplicate cells in `\cache_fv'.
Computing hashes of 426 cells of `\cache_fv'.
Finding duplicate cells in `\cache_fv'.
<suppressed ~84 debug messages>
Removed a total of 28 cells.

6.8. Executing OPT_DFF pass (perform DFF optimizations).
Adding EN signal on $memory\uut.g_model.u_data.mem[0]$1861 ($dff) from module cache_fv (D = $flatten\uut.\g_model.u_data.$0$memwr$\mem$sram_1p_bm.v:75$298_DATA[63:0]$301, Q = \uut.g_model.u_data.mem[0]).
Adding EN signal on $memory\uut.g_model.u_data.mem[1]$1863 ($dff) from module cache_fv (D = $flatten\uut.\g_model.u_data.$0$memwr$\mem$sram_1p_bm.v:75$298_DATA[63:0]$301, Q = \uut.g_model.u_data.mem[1]).
Adding EN signal on $memory\uut.g_model.u_data.mem[2]$1865 ($dff) from module cache_fv (D = $flatten\uut.\g_model.u_data.$0$memwr$\mem$sram_1p_bm.v:75$298_DATA[63:0]$301, Q = \uut.g_model.u_data.mem[2]).
Adding EN signal on $memory\uut.g_model.u_data.mem[3]$1867 ($dff) from module cache_fv (D = $flatten\uut.\g_model.u_data.$0$memwr$\mem$sram_1p_bm.v:75$298_DATA[63:0]$301, Q = \uut.g_model.u_data.mem[3]).
Adding EN signal on $memory\uut.g_model.u_data.mem[4]$1869 ($dff) from module cache_fv (D = $flatten\uut.\g_model.u_data.$0$memwr$\mem$sram_1p_bm.v:75$298_DATA[63:0]$301, Q = \uut.g_model.u_data.mem[4]).
Adding EN signal on $memory\uut.g_model.u_data.mem[5]$1871 ($dff) from module cache_fv (D = $flatten\uut.\g_model.u_data.$0$memwr$\mem$sram_1p_bm.v:75$298_DATA[63:0]$301, Q = \uut.g_model.u_data.mem[5]).
Adding EN signal on $memory\uut.g_model.u_data.mem[6]$1873 ($dff) from module cache_fv (D = $flatten\uut.\g_model.u_data.$0$memwr$\mem$sram_1p_bm.v:75$298_DATA[63:0]$301, Q = \uut.g_model.u_data.mem[6]).
Adding EN signal on $memory\uut.g_model.u_data.mem[7]$1875 ($dff) from module cache_fv (D = $flatten\uut.\g_model.u_data.$0$memwr$\mem$sram_1p_bm.v:75$298_DATA[63:0]$301, Q = \uut.g_model.u_data.mem[7]).

6.9. Executing OPT_CLEAN pass (remove unused cells and wires).
Finding unused cells or wires in module \cache_fv..
Removed 8 unused cells and 36 unused wires.
<suppressed ~9 debug messages>

6.10. Rerunning OPT passes. (Removed registers in this run.)

6.11. Executing OPT_EXPR pass (perform const folding).
Optimizing module cache_fv.

6.12. Executing OPT_MERGE pass (detect identical cells).
Finding identical cells in module `\cache_fv'.
Computing hashes of 418 cells of `\cache_fv'.
Finding duplicate cells in `\cache_fv'.
Removed a total of 0 cells.

6.13. Executing OPT_DFF pass (perform DFF optimizations).

6.14. Executing OPT_CLEAN pass (remove unused cells and wires).
Finding unused cells or wires in module \cache_fv..

6.15. Finished fast OPT passes.

7. Executing HIERARCHY pass (managing design hierarchy).
Attribute `top' found on module `cache_fv'. Setting top module to cache_fv.

7.1. Analyzing design hierarchy..
Top module:  \cache_fv

7.2. Analyzing design hierarchy..
Top module:  \cache_fv
Removed 0 unused modules.
Module cache_fv directly or indirectly contains formal properties -> setting "keep" attribute.

8. Executing jny backend.

9. Executing RTLIL backend.
Output filename: ../model/design.il

Warnings: 2 unique messages, 2 total
End of script. Logfile hash: 8dd308b445
Yosys 0.67+31 (git sha1 22c15a7ec, Release, GNU /usr/bin/x86_64-w64-mingw32-g++ 13.2.1)
Time spent: 2% 9x opt_expr (0 sec), 2% 8x opt_clean (0 sec), ...
