
 /----------------------------------------------------------------------------\
 |  yosys -- Yosys Open SYnthesis Suite                                       |
 |  Copyright (C) 2012 - 2026  Claire Xenia Wolf <claire@yosyshq.com>         |
 |  Distributed under an ISC-like license, type "license" to see terms        |
 \----------------------------------------------------------------------------/
 Yosys 0.67+31 (git sha1 22c15a7ec, Release, GNU /usr/bin/x86_64-w64-mingw32-g++ 13.2.1)

-- Executing script file `design_smt2.ys' --

1. Executing RTLIL frontend.
Input filename: design_prep.il

2. Executing HIERARCHY pass (managing design hierarchy).
Attribute `top' found on module `cache_fv'. Setting top module to cache_fv.

2.1. Analyzing design hierarchy..
Top module:  \cache_fv

2.2. Analyzing design hierarchy..
Top module:  \cache_fv
Removed 0 unused modules.
Module cache_fv directly or indirectly contains formal properties -> setting "keep" attribute.

3. Executing FORMALFF pass.

4. Executing DFFUNMAP pass (unmap clock enable and synchronous reset from FFs).

5. Printing statistics.

=== cache_fv ===

        +----------Local Count, excluding submodules.
        | 
      550 wires
     6322 wire bits
      189 public wires
     2818 public wire bits
        1 ports
        1 port bits
      539 cells
        4   $add
       22   $and
        2   $anyconst
       26   $anyinit
       75   $anyseq
        5   $assert
       19   $assume
       39   $eq
       11   $ff
       26   $logic_and
       22   $logic_not
       12   $logic_or
        3   $lt
      176   $mux
       34   $ne
        8   $not
        2   $or
       19   $pmux
       23   $reduce_and
        6   $reduce_bool
        3   $reduce_or
        2   $scopeinfo

6. Executing SMT2 backend.

6.1. Executing BMUXMAP pass.

6.2. Executing DEMUXMAP pass.
Creating SMT-LIBv2 representation of module cache_fv.

End of script. Logfile hash: ec59319b20
Yosys 0.67+31 (git sha1 22c15a7ec, Release, GNU /usr/bin/x86_64-w64-mingw32-g++ 13.2.1)
Time spent: 10% 2x write_smt2 (0 sec), 10% 2x read_rtlil (0 sec), ...
